npm notice run signal-watchlist@0.1.0 start
npm notice run next start
   ▲ Next.js 15.5.25
   - Local:        http://localhost:3000
   - Network:      http://192.168.0.101:3000

 ✓ Starting...
 ✓ Ready in 1271ms
 ⨯ [Error: Cannot find module './vendor-chunks/drizzle-orm.js'
Require stack:
- C:\Users\sushm\signal-watchlist\.next\server\webpack-runtime.js
- C:\Users\sushm\signal-watchlist\.next\server\pages\_document.js
- C:\Users\sushm\signal-watchlist\node_modules\next\dist\server\require.js
- C:\Users\sushm\signal-watchlist\node_modules\next\dist\server\load-components.js
- C:\Users\sushm\signal-watchlist\node_modules\next\dist\build\utils.js
- C:\Users\sushm\signal-watchlist\node_modules\next\dist\build\swc\options.js
- C:\Users\sushm\signal-watchlist\node_modules\next\dist\build\swc\index.js
- C:\Users\sushm\signal-watchlist\node_modules\next\dist\build\next-config-ts\transpile-config.js
- C:\Users\sushm\signal-watchlist\node_modules\next\dist\server\config.js
- C:\Users\sushm\signal-watchlist\node_modules\next\dist\cli\next-test.js
- C:\Users\sushm\signal-watchlist\node_modules\next\dist\bin\next] {
  code: 'MODULE_NOT_FOUND',
  requireStack: [Array]
}
 ⨯ [Error: Cannot find module './611.js'
Require stack:
- C:\Users\sushm\signal-watchlist\.next\server\webpack-runtime.js
- C:\Users\sushm\signal-watchlist\.next\server\pages\_document.js
- C:\Users\sushm\signal-watchlist\node_modules\next\dist\server\require.js
- C:\Users\sushm\signal-watchlist\node_modules\next\dist\server\load-components.js
- C:\Users\sushm\signal-watchlist\node_modules\next\dist\build\utils.js
- C:\Users\sushm\signal-watchlist\node_modules\next\dist\build\swc\options.js
- C:\Users\sushm\signal-watchlist\node_modules\next\dist\build\swc\index.js
- C:\Users\sushm\signal-watchlist\node_modules\next\dist\build\next-config-ts\transpile-config.js
- C:\Users\sushm\signal-watchlist\node_modules\next\dist\server\config.js
- C:\Users\sushm\signal-watchlist\node_modules\next\dist\cli\next-test.js
- C:\Users\sushm\signal-watchlist\node_modules\next\dist\bin\next] {
  code: 'MODULE_NOT_FOUND',
  requireStack: [Array]
}
 ⨯ [Error: Cannot find module './331.js'
Require stack:
- C:\Users\sushm\signal-watchlist\.next\server\webpack-runtime.js
- C:\Users\sushm\signal-watchlist\.next\server\pages\_document.js
- C:\Users\sushm\signal-watchlist\node_modules\next\dist\server\require.js
- C:\Users\sushm\signal-watchlist\node_modules\next\dist\server\load-components.js
- C:\Users\sushm\signal-watchlist\node_modules\next\dist\build\utils.js
- C:\Users\sushm\signal-watchlist\node_modules\next\dist\build\swc\options.js
- C:\Users\sushm\signal-watchlist\node_modules\next\dist\build\swc\index.js
- C:\Users\sushm\signal-watchlist\node_modules\next\dist\build\next-config-ts\transpile-config.js
- C:\Users\sushm\signal-watchlist\node_modules\next\dist\server\config.js
- C:\Users\sushm\signal-watchlist\node_modules\next\dist\cli\next-test.js
- C:\Users\sushm\signal-watchlist\node_modules\next\dist\bin\next] {
  code: 'MODULE_NOT_FOUND',
  requireStack: [Array]
}
 ⨯ [Error: Cannot find module './611.js'
Require stack:
- C:\Users\sushm\signal-watchlist\.next\server\webpack-runtime.js
- C:\Users\sushm\signal-watchlist\.next\server\pages\_document.js
- C:\Users\sushm\signal-watchlist\node_modules\next\dist\server\require.js
- C:\Users\sushm\signal-watchlist\node_modules\next\dist\server\load-components.js
- C:\Users\sushm\signal-watchlist\node_modules\next\dist\build\utils.js
- C:\Users\sushm\signal-watchlist\node_modules\next\dist\build\swc\options.js
- C:\Users\sushm\signal-watchlist\node_modules\next\dist\build\swc\index.js
- C:\Users\sushm\signal-watchlist\node_modules\next\dist\build\next-config-ts\transpile-config.js
- C:\Users\sushm\signal-watchlist\node_modules\next\dist\server\config.js
- C:\Users\sushm\signal-watchlist\node_modules\next\dist\cli\next-test.js
- C:\Users\sushm\signal-watchlist\node_modules\next\dist\bin\next] {
  code: 'MODULE_NOT_FOUND',
  requireStack: [Array]
}
